MPLINK 5.08, LINKER
Linker Map File - Created Sun Apr 09 16:58:42 2023

                                 Section Info
                  Section       Type    Address   Location Size(Bytes)
                ---------  ---------  ---------  ---------  ---------
                   .org_0       code   0x000000    program   0x000036
                   .cinit    romdata   0x00001b    program   0x000004
.config_2007_BUILD/DEFAULT/PRODUCTION/PROGRAM       code   0x002007    program   0x000002



                              Program Memory Usage 
                               Start         End      
                           ---------   ---------      
                            0x000000    0x00001c      
                            0x002007    0x002007      
            30 out of 1094 program addresses used, program memory utilization is 2%



                              Symbols - Sorted by Name
                     Name    Address   Location    Storage File                     
                ---------  ---------  ---------  --------- ---------                
                   INICIO   0x000000    program     static C:\Users\rogel\MPLABXProjects\DisplayNumber.X\program.asm
               SETDISPLAY   0x00000a    program     static C:\Users\rogel\MPLABXProjects\DisplayNumber.X\program.asm
                    START   0x000005    program     static C:\Users\rogel\MPLABXProjects\DisplayNumber.X\program.asm



                              Symbols - Sorted by Address
                     Name    Address   Location    Storage File                     
                ---------  ---------  ---------  --------- ---------                
                   INICIO   0x000000    program     static C:\Users\rogel\MPLABXProjects\DisplayNumber.X\program.asm
                    START   0x000005    program     static C:\Users\rogel\MPLABXProjects\DisplayNumber.X\program.asm
               SETDISPLAY   0x00000a    program     static C:\Users\rogel\MPLABXProjects\DisplayNumber.X\program.asm


